You've used 100% of your included build credits for this month. ██████████████████████████████
Additional usage beyond your limit will be charged at pay-as-you-go rates. See usage in billing.: https://expo.dev/accounts/darkpoolapp/settings/billing

Resolved "production" environment for the build. Learn more: https://docs.expo.dev/eas/environment-variables/#setting-the-environment-for-your-builds
No environment variables with visibility "Plain text" and "Sensitive" found for the "production" environment on EAS.
Environment variables loaded from the "production" build profile "env" configuration: NODE_OPTIONS.

Specified value for "android.package" in app.json is ignored because an android directory was detected in the project.
EAS Build will use the value found in the native code.
- Incrementing versionCode from 5 to 6.
✔ Incremented versionCode from 5 to 6.
✔ Using remote Android credentials (Expo server)
✔ Using Keystore from configuration: Build Credentials TDn-NXXAz6 (default)

Compressing project files and uploading to EAS Build. Learn more: https://expo.fyi/eas-build-archive
- Uploading to EAS Build (0 / 2.5 MB)
✔ Uploaded to EAS 1s
- Computing project fingerprint
✔ Computed project fingerprint

See logs: https://expo.dev/accounts/darkpoolapp/projects/DarkPool/builds/317a7206-8286-4029-bf7f-3f23c3d606fe

Waiting for build to complete. You can press Ctrl+C to exit.
- Waiting for build to complete.
✔ Build finished

🤖 Android app:
https://expo.dev/artifacts/eas/77nkFwa1LCzLNhnaq6MzRG.aab
